******************************************************************************
                  TI ARM Linker Unix v20.2.5                   
******************************************************************************
>> Linked Wed Apr  6 13:25:48 2022

OUTPUT FILE NAME:   <gpiointerrupt_CC3220S_LAUNCHXL_nortos_ccs.out>
ENTRY POINT SYMBOL: "resetISR"  address: 2001208d


MEMORY CONFIGURATION

         name            origin    length      used     unused   attr    fill
----------------------  --------  ---------  --------  --------  ----  --------
  SRAM2                 20000000   00004000  0000130c  00002cf4  RW X
  SRAM                  20004000   0003c000  0000f5a2  0002ca5e  RW X
  LOG_DATA              90000000   00040000  00000000  00040000  R   


SEGMENT ALLOCATION MAP

run origin  load origin   length   init length attrs members
----------  ----------- ---------- ----------- ----- -------
20003000    20003000    00001000   00000000    rw-
  20003000    20003000    00001000   00000000    rw- .stack
20004000    20004000    00000040   00000040    r--
  20004000    20004000    00000040   00000040    r-- .resetVecs
20004040    20004040    00008000   00000000    rw-
  20004040    20004040    00008000   00000000    rw- .sysmem
2000c040    2000c040    000065bc   000065bc    r-x
  2000c040    2000c040    000065bc   000065bc    r-x .text
200125fc    200125fc    000005c8   00000000    rw-
  200125fc    200125fc    000005c8   00000000    rw- .data
20012bc4    20012bc4    0000051a   0000051a    r--
  20012bc4    20012bc4    0000051a   0000051a    r-- .const
200130e0    200130e0    000003d4   00000000    rw-
  200130e0    200130e0    000003d4   00000000    rw- .bss
200134b8    200134b8    000000f0   000000f0    r--
  200134b8    200134b8    000000f0   000000f0    r-- .cinit


SECTION ALLOCATION MAP

 output                                  attributes/
section   page    origin      length       input sections
--------  ----  ----------  ----------   ----------------
.text      0    2000c040    000065bc     
                  2000c040    00000a4e     rtsv7M4_T_le_eabi.lib : _printfi.c.obj (.text:__TI_printfi)
                  2000ca8e    00000002     ti_drivers_config.obj (.text:Board_initHook)
                  2000ca90    0000042c     driverlib.a : prcm.obj (.text:PRCMCC3200MCUInit)
                  2000cebc    00000288     drivers_cc32xx.a : UARTCC32XX.oem4 (.text:UARTCC32XX_open)
                  2000d144    00000268     rtsv7M4_T_le_eabi.lib : _printfi.c.obj (.text:_pconv_a)
                  2000d3ac    00000250     gpiointerrupt.obj (.text:initI2C)
                  2000d5fc    000001e4     drivers_cc32xx.a : GPIOCC32XX.oem4 (.text:GPIO_setConfig)
                  2000d7e0    000001cc     rtsv7M4_T_le_eabi.lib : _printfi.c.obj (.text:_pconv_g)
                  2000d9ac    000001b6                           : fd_add_t2.asm.obj (.text)
                  2000db62    00000002     drivers_cc32xx.a : I2C.oem4 (.text:I2C_init)
                  2000db64    000001a4     gpiointerrupt.obj (.text:mainThread)
                  2000dd08    0000019c     nortos_cc32xx.a : PowerCC32XX_nortos.oem4 (.text:PowerCC32XX_sleepPolicy)
                  2000dea4    00000148     drivers_cc32xx.a : I2CCC32XX.oem4 (.text:I2CCC32XX_hwiFxn)
                  2000dfec    00000148                      : PowerCC32XX.oem4 (.text:parkPins)
                  2000e134    0000013c     rtsv7M4_T_le_eabi.lib : _printfi.c.obj (.text:_pconv_e)
                  2000e270    00000138     drivers_cc32xx.a : PowerCC32XX.oem4 (.text:Power_sleep)
                  2000e3a8    00000136     rtsv7M4_T_le_eabi.lib : fd_div_t2.asm.obj (.text)
                  2000e4de    00000002     nortos_cc32xx.a : PowerCC32XX_nortos.oem4 (.text:PowerCC32XX_initPolicy)
                  2000e4e0    00000128     drivers_cc32xx.a : TimerCC32XX.oem4 (.text:TimerCC32XX_open)
                  2000e608    00000122                      : I2C.oem4 (.text:I2C_transferTimeout)
                  2000e72a    00000002                      : TimerCC32XX.oem4 (.text:TimerCC32XX_init)
                  2000e72c    00000120                      : UARTCC32XX.oem4 (.text:UARTCC32XX_close)
                  2000e84c    00000120     rtsv7M4_T_le_eabi.lib : _printfi.c.obj (.text:fcvt)
                  2000e96c    00000120     gpiointerrupt.obj (.text:readTemp)
                  2000ea8c    00000100     rtsv7M4_T_le_eabi.lib : memory.c.obj (.text:aligned_alloc)
                  2000eb8c    000000fc     drivers_cc32xx.a : I2CCC32XX.oem4 (.text:I2C_open)
                  2000ec88    000000fc     rtsv7M4_T_le_eabi.lib : fd_mul_t2.asm.obj (.text)
                  2000ed84    000000f2     drivers_cc32xx.a : UARTCC32XX.oem4 (.text:UARTCC32XX_control)
                  2000ee76    00000002                      : UARTCC32XX.oem4 (.text:UARTCC32XX_init)
                  2000ee78    000000e4     rtsv7M4_T_le_eabi.lib : memory.c.obj (.text:free)
                  2000ef5c    000000d0                           : s_scalbn.c.obj (.text:scalbn)
                  2000f02c    000000ca     drivers_cc32xx.a : UARTCC32XX.oem4 (.text:UARTCC32XX_write)
                  2000f0f6    00000002     rtsv7M4_T_le_eabi.lib : _lock.c.obj (.text:_nop)
                  2000f0f8    000000c4     drivers_cc32xx.a : GPIOCC32XX.oem4 (.text:GPIO_init)
                  2000f1bc    000000c0                      : PowerCC32XX.oem4 (.text:restoreParkedPins)
                  2000f27c    000000ba                      : UARTCC32XX.oem4 (.text:UARTCC32XX_readPolling)
                  2000f336    00000002     nortos_cc32xx.a : startup_cc32xx_ccs.oem4 (.text:busFaultHandler)
                  2000f338    000000b8     drivers_cc32xx.a : UARTCC32XX.oem4 (.text:initHw)
                  2000f3f0    000000b6                      : UARTCC32XX.oem4 (.text:readTaskCallback)
                  2000f4a6    000000b2                      : I2CCC32XX.oem4 (.text:I2CCC32XX_completeTransfer)
                  2000f558    000000b1     rtsv7M4_T_le_eabi.lib : _printfi.c.obj (.text:_ltostr)
                  2000f609    00000001     --HOLE-- [fill = 0]
                  2000f60a    000000b0     drivers_cc32xx.a : UARTCC32XX.oem4 (.text:readTaskBlocking)
                  2000f6ba    000000ae                      : UARTCC32XX.oem4 (.text:readIsrTextBlocking)
                  2000f768    000000a8                      : I2CCC32XX.oem4 (.text:I2CCC32XX_primeWriteBurst)
                  2000f810    000000a8     driverlib.a : interrupt.obj (.text:IntEnable)
                  2000f8b8    000000a8     drivers_cc32xx.a : PowerCC32XX.oem4 (.text:PowerCC32XX_configureWakeup)
                  2000f960    000000a2                      : UARTCC32XX.oem4 (.text:readIsrTextCallback)
                  2000fa02    000000a2                      : UARTCC32XX.oem4 (.text:writeData)
                  2000faa4    000000a0     nortos_cc32xx.a : SemaphoreP_nortos.oem4 (.text:SemaphoreP_pend)
                  2000fb44    0000009c     drivers_cc32xx.a : I2CCC32XX.oem4 (.text:I2CCC32XX_initHw)
                  2000fbe0    0000009c     rtsv7M4_T_le_eabi.lib : memcpy_t2.asm.obj (.text)
                  2000fc7c    00000098     drivers_cc32xx.a : GPIOCC32XX.oem4 (.text:powerNotifyFxn)
                  2000fd14    00000096     rtsv7M4_T_le_eabi.lib : ull_div_t2.asm.obj (.text)
                  2000fdaa    00000002     nortos_cc32xx.a : SemaphoreP_nortos.oem4 (.text:clkFxn)
                  2000fdac    00000090     drivers_cc32xx.a : PowerCC32XX.oem4 (.text:restoreNVICRegs)
                  2000fe3c    0000008c     nortos_cc32xx.a : HwiPCC32XX_nortos.oem4 (.text:HwiP_construct)
                  2000fec8    00000088     driverlib.a : interrupt.obj (.text:IntPendSet)
                  2000ff50    00000088                 : pin.obj (.text:PinConfigSet)
                  2000ffd8    00000088     drivers_cc32xx.a : TimerCC32XX.oem4 (.text:TimerCC32XX_setPeriod)
                  20010060    00000086     rtsv7M4_T_le_eabi.lib : fd_cmp_t2.asm.obj (.text:__aeabi_cdcmple)
                  200100e6    00000086                           : fd_cmp_t2.asm.obj (.text:__aeabi_cdrcmple)
                  2001016c    00000084     drivers_cc32xx.a : PowerCC32XX.oem4 (.text:Power_init)
                  200101f0    00000084                      : PowerCC32XX.oem4 (.text:saveNVICRegs)
                  20010274    00000080                      : PowerCC32XX.oem4 (.text:Power_setDependency)
                  200102f4    0000007c                      : UARTCC32XX.oem4 (.text:readIsrBinaryBlocking)
                  20010370    0000007a                      : I2CCC32XX.oem4 (.text:I2CCC32XX_primeReadBurst)
                  200103ea    0000007a     rtsv7M4_T_le_eabi.lib : fs_mul_t2.asm.obj (.text)
                  20010464    0000007a                           : memset_t2.asm.obj (.text)
                  200104de    00000002     nortos_cc32xx.a : startup_cc32xx_ccs.oem4 (.text:defaultHandler)
                  200104e0    00000078     drivers_cc32xx.a : GPIOCC32XX.oem4 (.text:GPIO_hwiIntFxn)
                  20010558    00000078                      : TimerCC32XX.oem4 (.text:TimerCC32XX_start)
                  200105d0    00000078                      : UARTCC32XX.oem4 (.text:readIsrBinaryCallback)
                  20010648    00000074                      : UARTCC32XX.oem4 (.text:UARTCC32XX_hwiIntFxn)
                  200106bc    00000070     rtsv7M4_T_le_eabi.lib : memory.c.obj (.text:split)
                  2001072c    0000006e                           : _printfi.c.obj (.text:_mcpy)
                  2001079a    0000006a     drivers_cc32xx.a : I2CCC32XX.oem4 (.text:I2CSupport_primeTransfer)
                  20010804    00000068     rtsv7M4_T_le_eabi.lib : copy_decompress_lzss.c.obj (.text:decompress:lzss:__TI_decompress_lzss)
                  2001086c    00000066     drivers_cc32xx.a : UARTCC32XX.oem4 (.text:UARTCC32XX_writeCancel)
                  200108d2    00000002     nortos_cc32xx.a : startup_cc32xx_ccs.oem4 (.text:faultISR)
                  200108d4    00000064     drivers_cc32xx.a : PowerCC32XX.oem4 (.text:PowerCC32XX_setParkState)
                  20010938    00000062                      : UARTCC32XX.oem4 (.text:UARTCC32XX_writePolling)
                  2001099a    00000002     nortos_cc32xx.a : startup_cc32xx_ccs.oem4 (.text:nmiISR)
                  2001099c    00000060     driverlib.a : prcm.obj (.text:PRCMSysResetCauseGet)
                  200109fc    0000005c     drivers_cc32xx.a : GPIOCC32XX.oem4 (.text:GPIO_setCallback)
                  20010a58    0000005c     rtsv7M4_T_le_eabi.lib : s_frexp.c.obj (.text:frexp)
                  20010ab4    0000005c     nortos_cc32xx.a : ClockPSysTick_nortos.oem4 (.text:sysTickInit)
                  20010b10    00000058     drivers_cc32xx.a : GPIOCC32XX.oem4 (.text:GPIO_write)
                  20010b68    00000058     driverlib.a : prcm.obj (.text:PRCMPeripheralReset)
                  20010bc0    00000058     drivers_cc32xx.a : PowerCC32XX.oem4 (.text:Power_releaseDependency)
                  20010c18    00000056                      : TimerCC32XX.oem4 (.text:TimerCC32XX_stop)
                  20010c6e    00000056     rtsv7M4_T_le_eabi.lib : _printfi.c.obj (.text:_pconv_f)
                  20010cc4    00000054                           : _ltoa.c.obj (.text:__TI_ltoa)
                  20010d18    00000054     gpiointerrupt.obj (.text:initTimer)
                  20010d6c    00000054     drivers_cc32xx.a : UARTCC32XX.oem4 (.text:ringBufGet)
                  20010dc0    00000052                      : PowerCC32XX_asm.oem4 (.text:PowerCC32XX_resumeLPDS)
                  20010e12    00000052     rtsv7M4_T_le_eabi.lib : _printfi.c.obj (.text:_ecpy)
                  20010e64    00000052     drivers_cc32xx.a : TimerCC32XX.oem4 (.text:initHw)
                  20010eb6    00000002     rtsv7M4_T_le_eabi.lib : div0.asm.obj (.text)
                  20010eb8    00000050     nortos_cc32xx.a : ClockPSysTick_nortos.oem4 (.text:ClockP_sysTickHandler)
                  20010f08    00000050                     : SemaphoreP_nortos.oem4 (.text:SemaphoreP_construct)
                  20010f58    00000050     drivers_cc32xx.a : TimerCC32XX.oem4 (.text:TimerCC32XX_allocateTimerResource)
                  20010fa8    0000004c                      : GPIOCC32XX.oem4 (.text:GPIO_enableInt)
                  20010ff4    0000004c                      : I2CCC32XX.oem4 (.text:I2CCC32XX_readRecieveFifo)
                  20011040    0000004c                      : PowerCC32XX.oem4 (.text:PowerCC32XX_parkPin)
                  2001108c    0000004c     rtsv7M4_T_le_eabi.lib : atoi.c.obj (.text:atoi)
                  200110d8    0000004c     drivers_cc32xx.a : PowerCC32XX.oem4 (.text:restorePeriphClocks)
                  20011124    0000004c     rtsv7M4_T_le_eabi.lib : snprintf.c.obj (.text:snprintf)
                  20011170    00000048     driverlib.a : flash.obj (.text:FlashDisable)
                  200111b8    00000048                 : prcm.obj (.text:PRCMLPDSEnter)
                  20011200    00000048                 : prcm.obj (.text:PRCMPeripheralClkEnable)
                  20011248    00000048     drivers_cc32xx.a : PowerCC32XX.oem4 (.text:Power_releaseConstraint)
                  20011290    00000048     rtsv7M4_T_le_eabi.lib : fd_toi_t2.asm.obj (.text)
                  200112d8    00000046     drivers_cc32xx.a : RingBuf.oem4 (.text:RingBuf_put)
                  2001131e    00000046                      : TimerCC32XX.oem4 (.text:getPrescaler)
                  20011364    00000044     nortos_cc32xx.a : ClockPSysTick_nortos.oem4 (.text:ClockP_stop)
                  200113a8    00000044     driverlib.a : prcm.obj (.text:PRCMLPDSRestoreInfoSet)
                  200113ec    00000044     drivers_cc32xx.a : PowerCC32XX_asm.oem4 (.text:PowerCC32XX_enterLPDS)
                  20011430    00000044     nortos_cc32xx.a : SemaphoreP_nortos.oem4 (.text:SemaphoreP_post)
                  20011474    00000044                     : SwiP_nortos.oem4 (.text:SwiP_restore)
                  200114b8    00000044     drivers_cc32xx.a : Timer.oem4 (.text:Timer_init)
                  200114fc    00000044                      : UART.oem4 (.text:UART_init)
                  20011540    00000044     rtsv7M4_T_le_eabi.lib : autoinit.c.obj (.text:__TI_auto_init_nobinit_nopinit:__TI_auto_init_nobinit_nopinit)
                  20011584    00000044     gpiointerrupt.obj (.text:initUART)
                  200115c8    00000040     nortos_cc32xx.a : ClockPSysTick_nortos.oem4 (.text:ClockP_construct)
                  20011608    00000040     driverlib.a : pin.obj (.text:PinModeSet)
                  20011648    00000040     drivers_cc32xx.a : RingBuf.oem4 (.text:RingBuf_get)
                  20011688    00000040                      : Timer.oem4 (.text:Timer_open)
                  200116c8    00000040                      : UARTCC32XX.oem4 (.text:UARTCC32XX_read)
                  20011708    00000040                      : UART.oem4 (.text:UART_open)
                  20011748    0000003e     rtsv7M4_T_le_eabi.lib : _printfi.c.obj (.text:_fcpy)
                  20011786    00000002     --HOLE-- [fill = 0]
                  20011788    0000003c     nortos_cc32xx.a : ClockPSysTick_nortos.oem4 (.text:ClockP_destruct)
                  200117c4    0000003c     drivers_cc32xx.a : PowerCC32XX.oem4 (.text:Power_setConstraint)
                  20011800    0000003a                      : TimerCC32XX.oem4 (.text:TimerCC32XX_close)
                  2001183a    0000003a     nortos_cc32xx.a : PowerCC32XX_nortos.oem4 (.text:getCountsRTC)
                  20011874    00000038     driverlib.a : prcm.obj (.text:PRCMLPDSEnterKeepDebugIf)
                  200118ac    00000038     drivers_cc32xx.a : TimerCC32XX.oem4 (.text:TimerCC32XX_hwiIntFunction)
                  200118e4    00000038     nortos_cc32xx.a : ClockPSysTick_nortos.oem4 (.text:addToList)
                  2001191c    00000038                     : startup_cc32xx_ccs.oem4 (.text:initVectors)
                  20011954    00000038     drivers_cc32xx.a : PowerCC32XX.oem4 (.text:notify)
                  2001198c    00000038     rtsv7M4_T_le_eabi.lib : fs_toi_t2.asm.obj (.text)
                  200119c4    00000038                           : i_tofs_t2.asm.obj (.text)
                  200119fc    00000036     driverlib.a : timer.obj (.text:TimerControlStall)
                  20011a32    00000036     drivers_cc32xx.a : UARTCC32XX.oem4 (.text:UARTCC32XX_readCancel)
                  20011a68    00000034     nortos_cc32xx.a : ClockPSysTick_nortos.oem4 (.text:ClockP_getTicksUntilInterrupt)
                  20011a9c    00000034                     : ClockPSysTick_nortos.oem4 (.text:ClockP_startup)
                  20011ad0    00000034     driverlib.a : pin.obj (.text:PinModeGet)
                  20011b04    00000034     drivers_cc32xx.a : PowerCC32XX.oem4 (.text:PowerCC32XX_restoreParkState)
                  20011b38    00000034                      : TimerCC32XX.oem4 (.text:TimerCC32XX_freeTimerResource)
                  20011b6c    00000034                      : TimerCC32XX.oem4 (.text:getPowerMgrId)
                  20011ba0    00000030     nortos_cc32xx.a : ClockPSysTick_nortos.oem4 (.text:ClockP_start)
                  20011bd0    00000030     drivers_cc32xx.a : PowerCC32XX.oem4 (.text:PowerCC32XX_restoreParkedPin)
                  20011c00    00000030     rtsv7M4_T_le_eabi.lib : snprintf.c.obj (.text:_outs)
                  20011c30    0000002e                           : i_tofd_t2.asm.obj (.text)
                  20011c5e    00000002     --HOLE-- [fill = 0]
                  20011c60    0000002c     drivers_cc32xx.a : PowerCC32XX.oem4 (.text:PowerCC32XX_getParkState)
                  20011c8c    0000002a     nortos_cc32xx.a : HwiPCC32XX_nortos.oem4 (.text:HwiP_create)
                  20011cb6    0000002a     driverlib.a : timer.obj (.text:TimerLoadSet)
                  20011ce0    0000002a                 : timer.obj (.text:TimerPrescaleSet)
                  20011d0a    00000028                 : i2c.obj (.text:I2CFIFODataPutNonBlocking)
                  20011d32    00000002     --HOLE-- [fill = 0]
                  20011d34    00000028                 : prcm.obj (.text:PRCMPeripheralClkDisable)
                  20011d5c    00000028     drivers_cc32xx.a : PowerCC32XX.oem4 (.text:Power_registerNotify)
                  20011d84    00000028     rtsv7M4_T_le_eabi.lib : memory.c.obj (.text:free_list_insert)
                  20011dac    00000026     driverlib.a : i2c.obj (.text:I2CFIFODataGetNonBlocking)
                  20011dd2    00000026     drivers_cc32xx.a : I2C.oem4 (.text:I2C_cancel)
                  20011df8    00000026                      : List.oem4 (.text:List_put)
                  20011e1e    00000026                      : List.oem4 (.text:List_remove)
                  20011e44    00000024     nortos_cc32xx.a : HwiPCC32XX_nortos.oem4 (.text:HwiP_dispatch)
                  20011e68    00000024     drivers_cc32xx.a : PowerCC32XX.oem4 (.text:PowerCC32XX_reset)
                  20011e8c    00000024     rtsv7M4_T_le_eabi.lib : boot_cortex_m.c.obj (.text:_c_int00_noargs:_c_int00_noargs)
                  20011eb0    00000022     driverlib.a : i2c.obj (.text:I2CMasterSlaveAddrSet)
                  20011ed2    00000020     nortos_cc32xx.a : HwiPCC32XX_nortos.oem4 (.text:HwiP_destruct)
                  20011ef2    00000002     --HOLE-- [fill = 0]
                  20011ef4    00000020     drivers_cc32xx.a : PowerCC32XX.oem4 (.text:Power_unregisterNotify)
                  20011f14    00000020                      : RingBuf.oem4 (.text:RingBuf_peek)
                  20011f34    00000020                      : UARTCC32XX.oem4 (.text:getPowerMgrId)
                  20011f54    0000001e     driverlib.a : i2c.obj (.text:I2CMasterIntStatusEx)
                  20011f72    0000001e     nortos_cc32xx.a : SemaphoreP_nortos.oem4 (.text:SemaphoreP_constructBinary)
                  20011f90    0000001e     driverlib.a : timer.obj (.text:TimerDisable)
                  20011fae    0000001e                 : timer.obj (.text:TimerEnable)
                  20011fcc    0000001c                 : pin.obj (.text:PinToPadGet)
                  20011fe8    0000001c     nortos_cc32xx.a : SwiP_nortos.oem4 (.text:SwiP_disable)
                  20012004    0000001c     rtsv7M4_T_le_eabi.lib : copy_zero_init.c.obj (.text:decompress:ZI:__TI_zero_init_nomemset:__TI_zero_init_nomemset)
                  20012020    0000001c                           : memory.c.obj (.text:free_list_remove)
                  2001203c    0000001c                           : memccpy.c.obj (.text:memccpy)
                  20012058    0000001a     nortos_cc32xx.a : ClockPSysTick_nortos.oem4 (.text:ClockP_create)
                  20012072    0000001a                     : SemaphoreP_nortos.oem4 (.text:SemaphoreP_createBinary)
                  2001208c    0000001a                     : startup_cc32xx_ccs.oem4 (.text:resetISR)
                  200120a6    00000018     driverlib.a : i2c.obj (.text:I2CMasterBusBusy)
                  200120be    00000018                 : i2c.obj (.text:I2CMasterIntDisableEx)
                  200120d6    00000018                 : i2c.obj (.text:I2CMasterIntEnableEx)
                  200120ee    00000018                 : i2c.obj (.text:I2CRxFIFOFlush)
                  20012106    00000018                 : i2c.obj (.text:I2CTxFIFOFlush)
                  2001211e    00000002     --HOLE-- [fill = 0]
                  20012120    00000018     drivers_cc32xx.a : PowerCC32XX.oem4 (.text:Power_getTransitionLatency)
                  20012138    00000018                      : PowerCC32XX.oem4 (.text:Power_idleFunc)
                  20012150    00000018                      : TimerCC32XX.oem4 (.text:TimerCC32XX_getCount)
                  20012168    00000018     driverlib.a : timer.obj (.text:TimerIntDisable)
                  20012180    00000018                 : timer.obj (.text:TimerIntEnable)
                  20012198    00000018                 : uart.obj (.text:UARTBusy)
                  200121b0    00000018                 : uart.obj (.text:UARTIntEnable)
                  200121c8    00000018     drivers_cc32xx.a : UART.oem4 (.text:UART_Params_init)
                  200121e0    00000018     rtsv7M4_T_le_eabi.lib : snprintf.c.obj (.text:_outc)
                  200121f8    00000018     gpiointerrupt.obj (.text:gpioButtonFxn0)
                  20012210    00000018     gpiointerrupt.obj (.text:gpioButtonFxn1)
                  20012228    00000018     rtsv7M4_T_le_eabi.lib : ll_mul_t2.asm.obj (.text)
                  20012240    00000018     gpiointerrupt.obj (.text:timerCallback)
                  20012258    00000016     driverlib.a : i2c.obj (.text:I2CMasterBurstLengthSet)
                  2001226e    00000016                 : prcm.obj (.text:PRCMHIBRegRead)
                  20012284    00000016                 : prcm.obj (.text:PRCMHIBRegWrite)
                  2001229a    00000016     nortos_cc32xx.a : SemaphoreP_nortos.oem4 (.text:SemaphoreP_create)
                  200122b0    00000016     rtsv7M4_T_le_eabi.lib : strchr.c.obj (.text:strchr)
                  200122c6    00000014     driverlib.a : cpu.obj (.text:CPUcpsid)
                  200122da    00000002     --HOLE-- [fill = 0]
                  200122dc    00000014     nortos_cc32xx.a : HwiPCC32XX_nortos.oem4 (.text:HwiP_inISR)
                  200122f0    00000014     drivers_cc32xx.a : I2CCC32XX.oem4 (.text:I2CSupport_masterFinish)
                  20012304    00000014                      : I2C.oem4 (.text:I2C_transfer)
                  20012318    00000014     driverlib.a : interrupt.obj (.text:IntVTableBaseSet)
                  2001232c    00000014     drivers_cc32xx.a : PowerCC32XX.oem4 (.text:Power_disablePolicy)
                  20012340    00000014                      : PowerCC32XX.oem4 (.text:Power_getDependencyCount)
                  20012354    00000014                      : UARTCC32XX.oem4 (.text:releasePowerConstraint)
                  20012368    00000014     rtsv7M4_T_le_eabi.lib : strlen.c.obj (.text:strlen)
                  2001237c    00000012     nortos_cc32xx.a : HwiPCC32XX_nortos.oem4 (.text:HwiP_Params_init)
                  2001238e    00000012     driverlib.a : i2c.obj (.text:I2CMasterIntClearEx)
                  200123a0    00000012     drivers_cc32xx.a : RingBuf.oem4 (.text:RingBuf_construct)
                  200123b2    00000012     driverlib.a : timer.obj (.text:TimerIntClear)
                  200123c4    00000012     main_nortos.obj (.text:main)
                  200123d6    00000012     rtsv7M4_T_le_eabi.lib : wcslen.c.obj (.text:wcslen)
                  200123e8    00000010     ti_drivers_config.obj (.text:Board_init)
                  200123f8    00000010     nortos_cc32xx.a : ClockPSysTick_nortos.oem4 (.text:ClockP_add)
                  20012408    00000010                     : ClockPSysTick_nortos.oem4 (.text:ClockP_delete)
                  20012418    00000010                     : ClockPSysTick_nortos.oem4 (.text:ClockP_getCpuFreq)
                  20012428    00000010                     : ClockPSysTick_nortos.oem4 (.text:ClockP_getSystemTicks)
                  20012438    00000010                     : ClockPSysTick_nortos.oem4 (.text:ClockP_setTicks)
                  20012448    00000010                     : HwiPCC32XX_nortos.oem4 (.text:HwiP_delete)
                  20012458    00000010                     : HwiPCC32XX_nortos.oem4 (.text:HwiP_restore)
                  20012468    00000010     driverlib.a : i2c.obj (.text:I2CFIFOStatus)
                  20012478    00000010     drivers_cc32xx.a : I2C.oem4 (.text:I2C_Params_init)
                  20012488    00000010                      : PowerCC32XX.oem4 (.text:Power_enablePolicy)
                  20012498    00000010     nortos_cc32xx.a : SemaphoreP_nortos.oem4 (.text:SemaphoreP_Params_init)
                  200124a8    00000010     drivers_cc32xx.a : Timer.oem4 (.text:Timer_Params_init)
                  200124b8    00000010                      : UARTCC32XX.oem4 (.text:readBlockingTimeout)
                  200124c8    0000000e     nortos_cc32xx.a : HwiPCC32XX_nortos.oem4 (.text:HwiP_clearInterrupt)
                  200124d6    0000000e                     : HwiPCC32XX_nortos.oem4 (.text:HwiP_disable)
                  200124e4    0000000e                     : HwiPCC32XX_nortos.oem4 (.text:HwiP_disableInterrupt)
                  200124f2    0000000e                     : HwiPCC32XX_nortos.oem4 (.text:HwiP_enable)
                  20012500    0000000e                     : HwiPCC32XX_nortos.oem4 (.text:HwiP_enableInterrupt)
                  2001250e    0000000e     drivers_cc32xx.a : I2CCC32XX.oem4 (.text:I2CCC32XX_updateReg)
                  2001251c    0000000e                      : RingBuf.oem4 (.text:RingBuf_isFull)
                  2001252a    0000000e     rtsv7M4_T_le_eabi.lib : copy_decompress_none.c.obj (.text:decompress:none:__TI_decompress_none)
                  20012538    0000000c     drivers_cc32xx.a : I2CCC32XX.oem4 (.text:I2CCC32XX_postNotify)
                  20012544    0000000c                      : PowerCC32XX.oem4 (.text:Power_getConstraintMask)
                  20012550    0000000c     rtsv7M4_T_le_eabi.lib : s_copysign.c.obj (.text:copysign)
                  2001255c    0000000c     drivers_cc32xx.a : TimerCC32XX.oem4 (.text:postNotifyFxn)
                  20012568    0000000c                      : UARTCC32XX.oem4 (.text:postNotifyFxn)
                  20012574    0000000a     nortos_cc32xx.a : ClockPSysTick_nortos.oem4 (.text:ClockP_Params_init)
                  2001257e    0000000a                     : ClockPSysTick_nortos.oem4 (.text:ClockP_isActive)
                  20012588    0000000a     driverlib.a : interrupt.obj (.text:IntMasterDisable)
                  20012592    0000000a     drivers_cc32xx.a : Timer.oem4 (.text:Timer_start)
                  2001259c    0000000a                      : UART.oem4 (.text:UART_write)
                  200125a6    00000008                      : I2CCC32XX.oem4 (.text:I2CCC32XX_blockingCallback)
                  200125ae    00000002     --HOLE-- [fill = 0]
                  200125b0    00000008     rtsv7M4_T_le_eabi.lib : errno.c.obj (.text:__aeabi_errno_addr)
                  200125b8    00000008                           : memory.c.obj (.text:malloc)
                  200125c0    00000008     drivers_cc32xx.a : UARTCC32XX.oem4 (.text:readSemCallback)
                  200125c8    00000008                      : UARTCC32XX.oem4 (.text:writeSemCallback)
                  200125d0    00000006                      : I2CCC32XX.oem4 (.text:I2CSupport_powerRelConstraint)
                  200125d6    00000006                      : I2CCC32XX.oem4 (.text:I2CSupport_powerSetConstraint)
                  200125dc    00000006                      : TimerCC32XX.oem4 (.text:TimerCC32XX_control)
                  200125e2    00000006     driverlib.a : utils.obj (.text:UtilsDelay)
                  200125e8    00000004     nortos_cc32xx.a : ClockPSysTick_nortos.oem4 (.text:ClockP_setTimeout)
                  200125ec    00000004                     : HwiPCC32XX_nortos.oem4 (.text:HwiP_post)
                  200125f0    00000004                     : SemaphoreP_nortos.oem4 (.text:SemaphoreP_delete)
                  200125f4    00000004     rtsv7M4_T_le_eabi.lib : pre_init.c.obj (.text:_system_pre_init)
                  200125f8    00000004                           : exit.c.obj (.text:abort:abort)

.const     0    20012bc4    0000051a     
                  20012bc4    00000101     rtsv7M4_T_le_eabi.lib : ctype.c.obj (.const:.string:_ctypes_)
                  20012cc5    00000003     --HOLE-- [fill = 0]
                  20012cc8    00000100     driverlib.a : pin.obj (.const:g_ulPinToPadMap)
                  20012dc8    000000a8                 : prcm.obj (.const:PRCM_PeriphRegsList)
                  20012e70    00000044     ti_drivers_config.obj (.const:PowerCC32XX_config)
                  20012eb4    00000028     drivers_cc32xx.a : UARTCC32XX.oem4 (.const:UARTCC32XX_fxnTable)
                  20012edc    00000024                      : UART.oem4 (.const:UART_defaultParams)
                  20012f00    00000024     ti_drivers_config.obj (.const:uartCC32XXHWAttrs0)
                  20012f24    00000021     drivers_cc32xx.a : GPIOCC32XX.oem4 (.const:.string:pinTable)
                  20012f45    00000003     --HOLE-- [fill = 0]
                  20012f48    00000020                      : TimerCC32XX.oem4 (.const:TimerCC32XX_fxnTable)
                  20012f68    00000020                      : UARTCC32XX.oem4 (.const:staticFxnTable)
                  20012f88    00000018     driverlib.a : interrupt.obj (.const:g_pulEnRegs)
                  20012fa0    00000018                 : interrupt.obj (.const:g_pulPendRegs)
                  20012fb8    00000018     gpiointerrupt.obj (.const:sensors)
                  20012fd0    00000014     ti_drivers_config.obj (.const:GPIOCC32XX_config)
                  20012fe4    00000014     drivers_cc32xx.a : GPIOCC32XX.oem4 (.const:gpioBaseAddresses)
                  20012ff8    00000014     ti_drivers_config.obj (.const:i2cCC32XXHWAttrs)
                  2001300c    00000014     drivers_cc32xx.a : UARTCC32XX.oem4 (.const:parityType)
                  20013020    00000014                      : GPIOCC32XX.oem4 (.const:powerResources)
                  20013034    00000010                      : I2C.oem4 (.const:I2C_defaultParams)
                  20013044    00000010                      : I2CCC32XX.oem4 (.const:I2C_defaultParams)
                  20013054    00000010                      : UARTCC32XX.oem4 (.const:dataLength)
                  20013064    00000010     ti_drivers_config.obj (.const:timerCC32XXHWAttrs)
                  20013074    0000000c     gpiointerrupt.obj (.const:.string)
                  20013080    0000000c     ti_drivers_config.obj (.const:Timer_config)
                  2001308c    0000000c     ti_drivers_config.obj (.const:UART_config)
                  20013098    0000000c     drivers_cc32xx.a : Timer.oem4 (.const:defaultParams)
                  200130a4    00000009     ti_drivers_config.obj (.const)
                  200130ad    00000003     --HOLE-- [fill = 0]
                  200130b0    00000008     ti_drivers_config.obj (.const:I2C_config)
                  200130b8    00000008     drivers_cc32xx.a : GPIOCC32XX.oem4 (.const:outPinTypes)
                  200130c0    00000008                      : UARTCC32XX.oem4 (.const:stopBits)
                  200130c8    00000006                      : GPIOCC32XX.oem4 (.const:.string:interruptType)
                  200130ce    00000006                      : GPIOCC32XX.oem4 (.const:inPinTypes)
                  200130d4    00000006                      : GPIOCC32XX.oem4 (.const:outPinStrengths)
                  200130da    00000004                      : GPIOCC32XX.oem4 (.const:.string:portInterruptIds)

.cinit     0    200134b8    000000f0     
                  200134b8    000000cc     (.cinit..data.load) [load image, compression = lzss]
                  20013584    0000000c     (__TI_handler_table)
                  20013590    00000008     (.cinit..bss.load) [load image, compression = zero_init]
                  20013598    00000010     (__TI_cinit_table)

.init_array 
*          0    20004000    00000000     UNINITIALIZED

.ramVecs   0    20000000    0000030c     NOLOAD SECTION
                  20000000    0000030c     nortos_cc32xx.a : startup_cc32xx_ccs.oem4 (.ramVecs)

.stack     0    20003000    00001000     UNINITIALIZED
                  20003000    00000004     rtsv7M4_T_le_eabi.lib : boot_cortex_m.c.obj (.stack)
                  20003004    00000ffc     --HOLE--

.resetVecs 
*          0    20004000    00000040     
                  20004000    00000040     nortos_cc32xx.a : startup_cc32xx_ccs.oem4 (.resetVecs:retain)

.sysmem    0    20004040    00008000     UNINITIALIZED
                  20004040    00000010     rtsv7M4_T_le_eabi.lib : memory.c.obj (.sysmem)
                  20004050    00007ff0     --HOLE--

.data      0    200125fc    000005c8     UNINITIALIZED
                  200125fc    0000030c     nortos_cc32xx.a : HwiPCC32XX_nortos.oem4 (.data:HwiP_dispatchTable)
                  20012908    0000016c     drivers_cc32xx.a : PowerCC32XX.oem4 (.data:PowerCC32XX_module)
                  20012a74    000000f8     ti_drivers_config.obj (.data:parkInfo)
                  20012b6c    0000000c     ti_drivers_config.obj (.data:gpioCallbackFunctions)
                  20012b78    0000000c     ti_drivers_config.obj (.data:gpioPinConfigs)
                  20012b84    00000009     drivers_cc32xx.a : GPIOCC32XX.oem4 (.data)
                  20012b8d    00000003     nortos_cc32xx.a : SemaphoreP_nortos.oem4 (.data)
                  20012b90    00000008     rtsv7M4_T_le_eabi.lib : _lock.c.obj (.data:$O1$$)
                  20012b98    00000008                           : memory.c.obj (.data:$O1$$)
                  20012ba0    00000008     nortos_cc32xx.a : SemaphoreP_nortos.oem4 (.data:SemaphoreP_defaultParams)
                  20012ba8    00000008                     : HwiPCC32XX_nortos.oem4 (.data)
                  20012bb0    00000006     gpiointerrupt.obj (.data)
                  20012bb6    00000001     drivers_cc32xx.a : Timer.oem4 (.data)
                  20012bb7    00000001                      : UART.oem4 (.data)
                  20012bb8    00000005     nortos_cc32xx.a : ClockPSysTick_nortos.oem4 (.data)
                  20012bbd    00000003     --HOLE--
                  20012bc0    00000004     rtsv7M4_T_le_eabi.lib : errno.c.obj (.data)

.bss       0    200130e0    000003d4     UNINITIALIZED
                  200130e0    0000012c     (.common:PowerCC32XX_contextSave)
                  2001320c    000000fc     (.common:i2cCC32XXObjects)
                  20013308    00000084     (.common:uartCC32XXObjects0)
                  2001338c    00000040     (.common:output)
                  200133cc    00000034     (.common:timerCC32XXObjects)
                  20013400    00000020     drivers_cc32xx.a : GPIOCC32XX.oem4 (.bss:gpioCallbackInfo)
                  20013420    00000020     ti_drivers_config.obj (.bss:uartCC32XXRingBuffer0)
                  20013440    00000020     (.common:i2cTransaction)
                  20013460    00000014     drivers_cc32xx.a : GPIOCC32XX.oem4 (.bss:powerNotifyObj)
                  20013474    00000004                      : GPIOCC32XX.oem4 (.bss)
                  20013478    00000010     (.common:ClockP_ctrl)
                  20013488    0000000d     nortos_cc32xx.a : SwiP_nortos.oem4 (.bss)
                  20013495    00000003     --HOLE--
                  20013498    00000004                     : ClockPSysTick_nortos.oem4 (.bss)
                  2001349c    00000004     drivers_cc32xx.a : TimerCC32XX.oem4 (.bss:timerState)
                  200134a0    00000004     (.common:i2c)
                  200134a4    00000004     (.common:rxBuffer)
                  200134a8    00000004     (.common:timer0)
                  200134ac    00000004     (.common:txBuffer)
                  200134b0    00000004     (.common:uart)

.log_data 
*          0    90000000    00000000     COPY SECTION

__llvm_prf_cnts 
*          0    20004000    00000000     UNINITIALIZED

MODULE SUMMARY

       Module                       code    ro data   rw data
       ------                       ----    -------   -------
    ./
       gpiointerrupt.obj            1524    36        122    
       main_nortos.obj              18      0         0      
    +--+----------------------------+-------+---------+---------+
       Total:                       1542    36        122    
                                                             
    ./syscfg/
       ti_drivers_config.obj        18      201       740    
    +--+----------------------------+-------+---------+---------+
       Total:                       18      201       740    
                                                             
    /Applications/ti/ccs1110/ccs/tools/compiler/ti-cgt-arm_20.2.5.LTS/lib/rtsv7M4_T_le_eabi.lib
       _printfi.c.obj               4835    0         0      
       memory.c.obj                 672     0         8      
       fd_add_t2.asm.obj            438     0         0      
       fd_div_t2.asm.obj            310     0         0      
       fd_cmp_t2.asm.obj            268     0         0      
       ctype.c.obj                  0       257       0      
       fd_mul_t2.asm.obj            252     0         0      
       s_scalbn.c.obj               208     0         0      
       memcpy_t2.asm.obj            156     0         0      
       ull_div_t2.asm.obj           150     0         0      
       snprintf.c.obj               148     0         0      
       fs_mul_t2.asm.obj            122     0         0      
       memset_t2.asm.obj            122     0         0      
       copy_decompress_lzss.c.obj   104     0         0      
       s_frexp.c.obj                92      0         0      
       _ltoa.c.obj                  84      0         0      
       atoi.c.obj                   76      0         0      
       fd_toi_t2.asm.obj            72      0         0      
       autoinit.c.obj               68      0         0      
       fs_toi_t2.asm.obj            56      0         0      
       i_tofs_t2.asm.obj            56      0         0      
       i_tofd_t2.asm.obj            46      0         0      
       boot_cortex_m.c.obj          36      0         0      
       copy_zero_init.c.obj         28      0         0      
       memccpy.c.obj                28      0         0      
       ll_mul_t2.asm.obj            24      0         0      
       strchr.c.obj                 22      0         0      
       strlen.c.obj                 20      0         0      
       wcslen.c.obj                 18      0         0      
       copy_decompress_none.c.obj   14      0         0      
       errno.c.obj                  8       0         4      
       s_copysign.c.obj             12      0         0      
       _lock.c.obj                  2       0         8      
       exit.c.obj                   4       0         0      
       pre_init.c.obj               4       0         0      
       div0.asm.obj                 2       0         0      
    +--+----------------------------+-------+---------+---------+
       Total:                       8557    257       20     
                                                             
    /Users/mac/ti/simplelink_cc32xx_sdk_4_30_00_06/kernel/nortos/lib/ccs/m4/nortos_cc32xx.a
       HwiPCC32XX_nortos.oem4       394     0         788    
       startup_cc32xx_ccs.oem4      90      64        780    
       ClockPSysTick_nortos.oem4    702     0         25     
       PowerCC32XX_nortos.oem4      472     0         0      
       SemaphoreP_nortos.oem4       408     0         11     
       SwiP_nortos.oem4             96      0         13     
    +--+----------------------------+-------+---------+---------+
       Total:                       2162    64        1617   
                                                             
    /Users/mac/ti/simplelink_cc32xx_sdk_4_30_00_06/source/ti/devices/cc32xx/driverlib/ccs/Release/driverlib.a
       prcm.obj                     1604    168       0      
       pin.obj                      280     256       0      
       interrupt.obj                334     48        0      
       i2c.obj                      318     0         0      
       timer.obj                    264     0         0      
       flash.obj                    72      0         0      
       uart.obj                     48      0         0      
       cpu.obj                      20      0         0      
       utils.obj                    6       0         0      
    +--+----------------------------+-------+---------+---------+
       Total:                       2946    472       0      
                                                             
    /Users/mac/ti/simplelink_cc32xx_sdk_4_30_00_06/source/ti/drivers/lib/ccs/m4/drivers_cc32xx.a
       UARTCC32XX.oem4              3466    116       0      
       PowerCC32XX.oem4             2432    0         664    
       I2CCC32XX.oem4               1452    16        0      
       GPIOCC32XX.oem4              1208    103       65     
       TimerCC32XX.oem4             1132    32        4      
       I2C.oem4                     366     16        0      
       UART.oem4                    166     36        1      
       RingBuf.oem4                 198     0         0      
       Timer.oem4                   158     12        1      
       PowerCC32XX_asm.oem4         150     0         0      
       List.oem4                    76      0         0      
    +--+----------------------------+-------+---------+---------+
       Total:                       10804   331       735    
                                                             
       Heap:                        0       0         32768  
       Stack:                       0       0         4096   
       Linker Generated:            0       240       0      
    +--+----------------------------+-------+---------+---------+
       Grand Total:                 26029   1601      40098  


LINKER GENERATED COPY TABLES

__TI_cinit_table @ 20013598 records: 2, size/record: 8, table size: 16
	.data: load addr=200134b8, load size=000000cc bytes, run addr=200125fc, run size=000005c8 bytes, compression=lzss
	.bss: load addr=20013590, load size=00000008 bytes, run addr=200130e0, run size=000003d4 bytes, compression=zero_init


LINKER GENERATED HANDLER TABLE

__TI_handler_table @ 20013584 records: 3, size/record: 4, table size: 12
	index: 0, handler: __TI_decompress_lzss
	index: 1, handler: __TI_decompress_none
	index: 2, handler: __TI_zero_init


GLOBAL SYMBOLS: SORTED ALPHABETICALLY BY Name 

address   name                             
-------   ----                             
200123e9  Board_init                       
2000ca8f  Board_initHook                   
20012bb2  Button_Flag_0                    
20012bb4  Button_Flag_1                    
200125f9  C$$EXIT                          
200130a4  CONFIG_GPIO_BUTTON_0_CONST       
200130a5  CONFIG_GPIO_BUTTON_1_CONST       
200130a6  CONFIG_GPIO_LED_0_CONST          
200130a7  CONFIG_I2C_0_CONST               
200130a9  CONFIG_TIMER_0_CONST             
200130ab  CONFIG_UART_0_CONST              
200122c7  CPUcpsid                         
20012575  ClockP_Params_init               
200123f9  ClockP_add                       
200115c9  ClockP_construct                 
20012059  ClockP_create                    
20013478  ClockP_ctrl                      
20012409  ClockP_delete                    
20011789  ClockP_destruct                  
20010eb9  ClockP_doTick                    
20012419  ClockP_getCpuFreq                
20012429  ClockP_getSystemTicks            
20011a69  ClockP_getTicksUntilInterrupt    
2001257f  ClockP_isActive                  
20012439  ClockP_setTicks                  
200125e9  ClockP_setTimeout                
20011ba1  ClockP_start                     
20011a9d  ClockP_startup                   
20011365  ClockP_stop                      
20010eb9  ClockP_sysTickHandler            
20012bb8  ClockP_tickPeriod                
20011171  FlashDisable                     
20012fd0  GPIOCC32XX_config                
20010fa9  GPIO_enableInt                   
200104e1  GPIO_hwiIntFxn                   
2000f0f9  GPIO_init                        
200109fd  GPIO_setCallback                 
2000d5fd  GPIO_setConfig                   
20010b11  GPIO_write                       
2001237d  HwiP_Params_init                 
200124c9  HwiP_clearInterrupt              
2000fe3d  HwiP_construct                   
20011c8d  HwiP_create                      
20012449  HwiP_delete                      
20011ed3  HwiP_destruct                    
200124d7  HwiP_disable                     
200124e5  HwiP_disableInterrupt            
20011e45  HwiP_dispatch                    
200124f3  HwiP_enable                      
20012501  HwiP_enableInterrupt             
200122dd  HwiP_inISR                       
20012ba8  HwiP_key                         
200125ed  HwiP_post                        
20012459  HwiP_restore                     
20012bac  HwiP_swiPIntNum                  
20011dad  I2CFIFODataGetNonBlocking        
20011d0b  I2CFIFODataPutNonBlocking        
20012469  I2CFIFOStatus                    
20012259  I2CMasterBurstLengthSet          
200120a7  I2CMasterBusBusy                 
2001238f  I2CMasterIntClearEx              
200120bf  I2CMasterIntDisableEx            
200120d7  I2CMasterIntEnableEx             
20011f55  I2CMasterIntStatusEx             
20011eb1  I2CMasterSlaveAddrSet            
200120ef  I2CRxFIFOFlush                   
200122f1  I2CSupport_masterFinish          
200125d1  I2CSupport_powerRelConstraint    
200125d7  I2CSupport_powerSetConstraint    
2001079b  I2CSupport_primeTransfer         
20012107  I2CTxFIFOFlush                   
20012479  I2C_Params_init                  
20011dd3  I2C_cancel                       
200130b0  I2C_config                       
200130a8  I2C_count                        
20013034  I2C_defaultParams                
2000db63  I2C_init                         
2000eb8d  I2C_open                         
20012305  I2C_transfer                     
2000e609  I2C_transferTimeout              
UNDEFED   ITM_flush                        
UNDEFED   ITM_restore                      
2000f811  IntEnable                        
20012589  IntMasterDisable                 
2000fec9  IntPendSet                       
20012319  IntVTableBaseSet                 
20011df9  List_put                         
20011e1f  List_remove                      
200124f3  NoRTOS_start                     
2000ca91  PRCMCC3200MCUInit                
2001226f  PRCMHIBRegRead                   
20012285  PRCMHIBRegWrite                  
200111b9  PRCMLPDSEnter                    
20011875  PRCMLPDSEnterKeepDebugIf         
200113a9  PRCMLPDSRestoreInfoSet           
20011d35  PRCMPeripheralClkDisable         
20011201  PRCMPeripheralClkEnable          
20010b69  PRCMPeripheralReset              
2001099d  PRCMSysResetCauseGet             
2000ff51  PinConfigSet                     
20011ad1  PinModeGet                       
20011609  PinModeSet                       
20011fcd  PinToPadGet                      
20012e70  PowerCC32XX_config               
2000f8b9  PowerCC32XX_configureWakeup      
200130e0  PowerCC32XX_contextSave          
200113ed  PowerCC32XX_enterLPDS            
20011c61  PowerCC32XX_getParkState         
2000e4df  PowerCC32XX_initPolicy           
20012908  PowerCC32XX_module               
20011041  PowerCC32XX_parkPin              
20011e69  PowerCC32XX_reset                
20011b05  PowerCC32XX_restoreParkState     
20011bd1  PowerCC32XX_restoreParkedPin     
20010dc1  PowerCC32XX_resumeLPDS           
200108d5  PowerCC32XX_setParkState         
2000dd09  PowerCC32XX_sleepPolicy          
2001232d  Power_disablePolicy              
20012489  Power_enablePolicy               
20012545  Power_getConstraintMask          
20012341  Power_getDependencyCount         
20012121  Power_getTransitionLatency       
20012139  Power_idleFunc                   
2001016d  Power_init                       
20011d5d  Power_registerNotify             
20011249  Power_releaseConstraint          
20010bc1  Power_releaseDependency          
200117c5  Power_setConstraint              
20010275  Power_setDependency              
2000e271  Power_sleep                      
20011ef5  Power_unregisterNotify           
200123a1  RingBuf_construct                
20011649  RingBuf_get                      
2001251d  RingBuf_isFull                   
20011f15  RingBuf_peek                     
200112d9  RingBuf_put                      
20012499  SemaphoreP_Params_init           
20010f09  SemaphoreP_construct             
20011f73  SemaphoreP_constructBinary       
2001229b  SemaphoreP_create                
20012073  SemaphoreP_createBinary          
20012ba0  SemaphoreP_defaultParams         
200125f1  SemaphoreP_delete                
2000faa5  SemaphoreP_pend                  
20011431  SemaphoreP_post                  
20011fe9  SwiP_disable                     
20011475  SwiP_restore                     
20010f59  TimerCC32XX_allocateTimerResource
20011801  TimerCC32XX_close                
200125dd  TimerCC32XX_control              
20011b39  TimerCC32XX_freeTimerResource    
20012f48  TimerCC32XX_fxnTable             
20012151  TimerCC32XX_getCount             
2000e72b  TimerCC32XX_init                 
2000e4e1  TimerCC32XX_open                 
2000ffd9  TimerCC32XX_setPeriod            
20010559  TimerCC32XX_start                
20010c19  TimerCC32XX_stop                 
200119fd  TimerControlStall                
20011f91  TimerDisable                     
20011faf  TimerEnable                      
20012bb0  TimerFlag                        
200123b3  TimerIntClear                    
20012169  TimerIntDisable                  
20012181  TimerIntEnable                   
20011cb7  TimerLoadSet                     
20011ce1  TimerPrescaleSet                 
200124a9  Timer_Params_init                
20013080  Timer_config                     
200130aa  Timer_count                      
200114b9  Timer_init                       
20011689  Timer_open                       
20012593  Timer_start                      
20012199  UARTBusy                         
2000e72d  UARTCC32XX_close                 
2000ed85  UARTCC32XX_control               
20012eb4  UARTCC32XX_fxnTable              
2000ee77  UARTCC32XX_init                  
2000cebd  UARTCC32XX_open                  
200116c9  UARTCC32XX_read                  
20011a33  UARTCC32XX_readCancel            
2000f27d  UARTCC32XX_readPolling           
2000f02d  UARTCC32XX_write                 
2001086d  UARTCC32XX_writeCancel           
20010939  UARTCC32XX_writePolling          
200121b1  UARTIntEnable                    
200121c9  UART_Params_init                 
2001308c  UART_config                      
200130ac  UART_count                       
20012edc  UART_defaultParams               
200114fd  UART_init                        
20011709  UART_open                        
2001259d  UART_write                       
200125e3  UtilsDelay                       
20004000  __STACK_END                      
00001000  __STACK_SIZE                     
00008000  __SYSMEM_SIZE                    
20013598  __TI_CINIT_Base                  
200135a8  __TI_CINIT_Limit                 
20013584  __TI_Handler_Table_Base          
20013590  __TI_Handler_Table_Limit         
20011541  __TI_auto_init_nobinit_nopinit   
20010805  __TI_decompress_lzss             
2001252b  __TI_decompress_none             
20010cc5  __TI_ltoa                        
ffffffff  __TI_pprof_out_hndl              
2000c041  __TI_printfi                     
ffffffff  __TI_prof_data_size              
ffffffff  __TI_prof_data_start             
200134b8  __TI_static_base__               
20012005  __TI_zero_init_nomemset          
20010061  __aeabi_cdcmpeq                  
20010061  __aeabi_cdcmple                  
200100e7  __aeabi_cdrcmple                 
20011291  __aeabi_d2iz                     
2000d9b7  __aeabi_dadd                     
2000e3a9  __aeabi_ddiv                     
2000ec89  __aeabi_dmul                     
2000d9ad  __aeabi_dsub                     
200125b1  __aeabi_errno_addr               
2001198d  __aeabi_f2iz                     
200103eb  __aeabi_fmul                     
20011c31  __aeabi_i2d                      
200119c5  __aeabi_i2f                      
20010eb7  __aeabi_idiv0                    
20010eb7  __aeabi_ldiv0                    
20012229  __aeabi_lmul                     
20010465  __aeabi_memclr                   
20010465  __aeabi_memclr4                  
20010465  __aeabi_memclr8                  
2000fbe1  __aeabi_memcpy                   
2000fbe1  __aeabi_memcpy4                  
2000fbe1  __aeabi_memcpy8                  
20010467  __aeabi_memset                   
20010467  __aeabi_memset4                  
20010467  __aeabi_memset8                  
2000fd15  __aeabi_uldivmod                 
ffffffff  __binit__                        
ffffffff  __c_args__                       
UNDEFED   __mpu_init                       
20003000  __stack                          
20004000  __start___llvm_prf_cnts          
20004000  __stop___llvm_prf_cnts           
20011e8d  _c_int00_noargs                  
20012bc4  _ctypes_                         
20012b90  _lock                            
2000f0f7  _nop                             
20004040  _sys_memory                      
UNDEFED   _system_post_cinit               
200125f5  _system_pre_init                 
20012b94  _unlock                          
200125f9  abort                            
2000ea8d  aligned_alloc                    
2001108d  atoi                             
ffffffff  binit                            
2000fdab  clkFxn                           
20012551  copysign                         
20012551  copysignl                        
20012bc0  errno                            
2000ee79  free                             
20010a59  frexp                            
20010a59  frexpl                           
200121f9  gpioButtonFxn0                   
20012211  gpioButtonFxn1                   
20012b6c  gpioCallbackFunctions            
20012b78  gpioPinConfigs                   
200134a0  i2c                              
20012ff8  i2cCC32XXHWAttrs                 
2001320c  i2cCC32XXObjects                 
20013440  i2cTransaction                   
200130ce  inPinTypes                       
2000d3ad  initI2C                          
20010d19  initTimer                        
20011585  initUART                         
2001191d  initVectors                      
2000ef5d  ldexp                            
2000ef5d  ldexpl                           
200123c5  main                             
2000db65  mainThread                       
200125b9  malloc                           
2000ea8d  memalign                         
2001203d  memccpy                          
2000fbe1  memcpy                           
2001046d  memset                           
200130d4  outPinStrengths                  
200130b8  outPinTypes                      
2001338c  output                           
20012a74  parkInfo                         
2000e96d  readTemp                         
2001208d  resetISR                         
200120a0  resetVectorAddr                  
20004000  resetVectors                     
200134a4  rxBuffer                         
2000ef5d  scalbn                           
2000ef5d  scalbnl                          
20011125  snprintf                         
200122b1  strchr                           
20012369  strlen                           
200134a8  timer0                           
20013064  timerCC32XXHWAttrs               
200133cc  timerCC32XXObjects               
20012241  timerCallback                    
200134ac  txBuffer                         
200134b0  uart                             
20013308  uartCC32XXObjects0               
200123d7  wcslen                           


GLOBAL SYMBOLS: SORTED BY Symbol Address 

address   name                             
-------   ----                             
00001000  __STACK_SIZE                     
00008000  __SYSMEM_SIZE                    
20003000  __stack                          
20004000  __STACK_END                      
20004000  __start___llvm_prf_cnts          
20004000  __stop___llvm_prf_cnts           
20004000  resetVectors                     
20004040  _sys_memory                      
2000c041  __TI_printfi                     
2000ca8f  Board_initHook                   
2000ca91  PRCMCC3200MCUInit                
2000cebd  UARTCC32XX_open                  
2000d3ad  initI2C                          
2000d5fd  GPIO_setConfig                   
2000d9ad  __aeabi_dsub                     
2000d9b7  __aeabi_dadd                     
2000db63  I2C_init                         
2000db65  mainThread                       
2000dd09  PowerCC32XX_sleepPolicy          
2000e271  Power_sleep                      
2000e3a9  __aeabi_ddiv                     
2000e4df  PowerCC32XX_initPolicy           
2000e4e1  TimerCC32XX_open                 
2000e609  I2C_transferTimeout              
2000e72b  TimerCC32XX_init                 
2000e72d  UARTCC32XX_close                 
2000e96d  readTemp                         
2000ea8d  aligned_alloc                    
2000ea8d  memalign                         
2000eb8d  I2C_open                         
2000ec89  __aeabi_dmul                     
2000ed85  UARTCC32XX_control               
2000ee77  UARTCC32XX_init                  
2000ee79  free                             
2000ef5d  ldexp                            
2000ef5d  ldexpl                           
2000ef5d  scalbn                           
2000ef5d  scalbnl                          
2000f02d  UARTCC32XX_write                 
2000f0f7  _nop                             
2000f0f9  GPIO_init                        
2000f27d  UARTCC32XX_readPolling           
2000f811  IntEnable                        
2000f8b9  PowerCC32XX_configureWakeup      
2000faa5  SemaphoreP_pend                  
2000fbe1  __aeabi_memcpy                   
2000fbe1  __aeabi_memcpy4                  
2000fbe1  __aeabi_memcpy8                  
2000fbe1  memcpy                           
2000fd15  __aeabi_uldivmod                 
2000fdab  clkFxn                           
2000fe3d  HwiP_construct                   
2000fec9  IntPendSet                       
2000ff51  PinConfigSet                     
2000ffd9  TimerCC32XX_setPeriod            
20010061  __aeabi_cdcmpeq                  
20010061  __aeabi_cdcmple                  
200100e7  __aeabi_cdrcmple                 
2001016d  Power_init                       
20010275  Power_setDependency              
200103eb  __aeabi_fmul                     
20010465  __aeabi_memclr                   
20010465  __aeabi_memclr4                  
20010465  __aeabi_memclr8                  
20010467  __aeabi_memset                   
20010467  __aeabi_memset4                  
20010467  __aeabi_memset8                  
2001046d  memset                           
200104e1  GPIO_hwiIntFxn                   
20010559  TimerCC32XX_start                
2001079b  I2CSupport_primeTransfer         
20010805  __TI_decompress_lzss             
2001086d  UARTCC32XX_writeCancel           
200108d5  PowerCC32XX_setParkState         
20010939  UARTCC32XX_writePolling          
2001099d  PRCMSysResetCauseGet             
200109fd  GPIO_setCallback                 
20010a59  frexp                            
20010a59  frexpl                           
20010b11  GPIO_write                       
20010b69  PRCMPeripheralReset              
20010bc1  Power_releaseDependency          
20010c19  TimerCC32XX_stop                 
20010cc5  __TI_ltoa                        
20010d19  initTimer                        
20010dc1  PowerCC32XX_resumeLPDS           
20010eb7  __aeabi_idiv0                    
20010eb7  __aeabi_ldiv0                    
20010eb9  ClockP_doTick                    
20010eb9  ClockP_sysTickHandler            
20010f09  SemaphoreP_construct             
20010f59  TimerCC32XX_allocateTimerResource
20010fa9  GPIO_enableInt                   
20011041  PowerCC32XX_parkPin              
2001108d  atoi                             
20011125  snprintf                         
20011171  FlashDisable                     
200111b9  PRCMLPDSEnter                    
20011201  PRCMPeripheralClkEnable          
20011249  Power_releaseConstraint          
20011291  __aeabi_d2iz                     
200112d9  RingBuf_put                      
20011365  ClockP_stop                      
200113a9  PRCMLPDSRestoreInfoSet           
200113ed  PowerCC32XX_enterLPDS            
20011431  SemaphoreP_post                  
20011475  SwiP_restore                     
200114b9  Timer_init                       
200114fd  UART_init                        
20011541  __TI_auto_init_nobinit_nopinit   
20011585  initUART                         
200115c9  ClockP_construct                 
20011609  PinModeSet                       
20011649  RingBuf_get                      
20011689  Timer_open                       
200116c9  UARTCC32XX_read                  
20011709  UART_open                        
20011789  ClockP_destruct                  
200117c5  Power_setConstraint              
20011801  TimerCC32XX_close                
20011875  PRCMLPDSEnterKeepDebugIf         
2001191d  initVectors                      
2001198d  __aeabi_f2iz                     
200119c5  __aeabi_i2f                      
200119fd  TimerControlStall                
20011a33  UARTCC32XX_readCancel            
20011a69  ClockP_getTicksUntilInterrupt    
20011a9d  ClockP_startup                   
20011ad1  PinModeGet                       
20011b05  PowerCC32XX_restoreParkState     
20011b39  TimerCC32XX_freeTimerResource    
20011ba1  ClockP_start                     
20011bd1  PowerCC32XX_restoreParkedPin     
20011c31  __aeabi_i2d                      
20011c61  PowerCC32XX_getParkState         
20011c8d  HwiP_create                      
20011cb7  TimerLoadSet                     
20011ce1  TimerPrescaleSet                 
20011d0b  I2CFIFODataPutNonBlocking        
20011d35  PRCMPeripheralClkDisable         
20011d5d  Power_registerNotify             
20011dad  I2CFIFODataGetNonBlocking        
20011dd3  I2C_cancel                       
20011df9  List_put                         
20011e1f  List_remove                      
20011e45  HwiP_dispatch                    
20011e69  PowerCC32XX_reset                
20011e8d  _c_int00_noargs                  
20011eb1  I2CMasterSlaveAddrSet            
20011ed3  HwiP_destruct                    
20011ef5  Power_unregisterNotify           
20011f15  RingBuf_peek                     
20011f55  I2CMasterIntStatusEx             
20011f73  SemaphoreP_constructBinary       
20011f91  TimerDisable                     
20011faf  TimerEnable                      
20011fcd  PinToPadGet                      
20011fe9  SwiP_disable                     
20012005  __TI_zero_init_nomemset          
2001203d  memccpy                          
20012059  ClockP_create                    
20012073  SemaphoreP_createBinary          
2001208d  resetISR                         
200120a0  resetVectorAddr                  
200120a7  I2CMasterBusBusy                 
200120bf  I2CMasterIntDisableEx            
200120d7  I2CMasterIntEnableEx             
200120ef  I2CRxFIFOFlush                   
20012107  I2CTxFIFOFlush                   
20012121  Power_getTransitionLatency       
20012139  Power_idleFunc                   
20012151  TimerCC32XX_getCount             
20012169  TimerIntDisable                  
20012181  TimerIntEnable                   
20012199  UARTBusy                         
200121b1  UARTIntEnable                    
200121c9  UART_Params_init                 
200121f9  gpioButtonFxn0                   
20012211  gpioButtonFxn1                   
20012229  __aeabi_lmul                     
20012241  timerCallback                    
20012259  I2CMasterBurstLengthSet          
2001226f  PRCMHIBRegRead                   
20012285  PRCMHIBRegWrite                  
2001229b  SemaphoreP_create                
200122b1  strchr                           
200122c7  CPUcpsid                         
200122dd  HwiP_inISR                       
200122f1  I2CSupport_masterFinish          
20012305  I2C_transfer                     
20012319  IntVTableBaseSet                 
2001232d  Power_disablePolicy              
20012341  Power_getDependencyCount         
20012369  strlen                           
2001237d  HwiP_Params_init                 
2001238f  I2CMasterIntClearEx              
200123a1  RingBuf_construct                
200123b3  TimerIntClear                    
200123c5  main                             
200123d7  wcslen                           
200123e9  Board_init                       
200123f9  ClockP_add                       
20012409  ClockP_delete                    
20012419  ClockP_getCpuFreq                
20012429  ClockP_getSystemTicks            
20012439  ClockP_setTicks                  
20012449  HwiP_delete                      
20012459  HwiP_restore                     
20012469  I2CFIFOStatus                    
20012479  I2C_Params_init                  
20012489  Power_enablePolicy               
20012499  SemaphoreP_Params_init           
200124a9  Timer_Params_init                
200124c9  HwiP_clearInterrupt              
200124d7  HwiP_disable                     
200124e5  HwiP_disableInterrupt            
200124f3  HwiP_enable                      
200124f3  NoRTOS_start                     
20012501  HwiP_enableInterrupt             
2001251d  RingBuf_isFull                   
2001252b  __TI_decompress_none             
20012545  Power_getConstraintMask          
20012551  copysign                         
20012551  copysignl                        
20012575  ClockP_Params_init               
2001257f  ClockP_isActive                  
20012589  IntMasterDisable                 
20012593  Timer_start                      
2001259d  UART_write                       
200125b1  __aeabi_errno_addr               
200125b9  malloc                           
200125d1  I2CSupport_powerRelConstraint    
200125d7  I2CSupport_powerSetConstraint    
200125dd  TimerCC32XX_control              
200125e3  UtilsDelay                       
200125e9  ClockP_setTimeout                
200125ed  HwiP_post                        
200125f1  SemaphoreP_delete                
200125f5  _system_pre_init                 
200125f9  C$$EXIT                          
200125f9  abort                            
20012908  PowerCC32XX_module               
20012a74  parkInfo                         
20012b6c  gpioCallbackFunctions            
20012b78  gpioPinConfigs                   
20012b90  _lock                            
20012b94  _unlock                          
20012ba0  SemaphoreP_defaultParams         
20012ba8  HwiP_key                         
20012bac  HwiP_swiPIntNum                  
20012bb0  TimerFlag                        
20012bb2  Button_Flag_0                    
20012bb4  Button_Flag_1                    
20012bb8  ClockP_tickPeriod                
20012bc0  errno                            
20012bc4  _ctypes_                         
20012e70  PowerCC32XX_config               
20012eb4  UARTCC32XX_fxnTable              
20012edc  UART_defaultParams               
20012f48  TimerCC32XX_fxnTable             
20012fd0  GPIOCC32XX_config                
20012ff8  i2cCC32XXHWAttrs                 
20013034  I2C_defaultParams                
20013064  timerCC32XXHWAttrs               
20013080  Timer_config                     
2001308c  UART_config                      
200130a4  CONFIG_GPIO_BUTTON_0_CONST       
200130a5  CONFIG_GPIO_BUTTON_1_CONST       
200130a6  CONFIG_GPIO_LED_0_CONST          
200130a7  CONFIG_I2C_0_CONST               
200130a8  I2C_count                        
200130a9  CONFIG_TIMER_0_CONST             
200130aa  Timer_count                      
200130ab  CONFIG_UART_0_CONST              
200130ac  UART_count                       
200130b0  I2C_config                       
200130b8  outPinTypes                      
200130ce  inPinTypes                       
200130d4  outPinStrengths                  
200130e0  PowerCC32XX_contextSave          
2001320c  i2cCC32XXObjects                 
20013308  uartCC32XXObjects0               
2001338c  output                           
200133cc  timerCC32XXObjects               
20013440  i2cTransaction                   
20013478  ClockP_ctrl                      
200134a0  i2c                              
200134a4  rxBuffer                         
200134a8  timer0                           
200134ac  txBuffer                         
200134b0  uart                             
200134b8  __TI_static_base__               
20013584  __TI_Handler_Table_Base          
20013590  __TI_Handler_Table_Limit         
20013598  __TI_CINIT_Base                  
200135a8  __TI_CINIT_Limit                 
ffffffff  __TI_pprof_out_hndl              
ffffffff  __TI_prof_data_size              
ffffffff  __TI_prof_data_start             
ffffffff  __binit__                        
ffffffff  __c_args__                       
ffffffff  binit                            
UNDEFED   ITM_flush                        
UNDEFED   ITM_restore                      
UNDEFED   __mpu_init                       
UNDEFED   _system_post_cinit               

[306 symbols]
